Archive member included to satisfy reference by file (symbol)

c:/nxp/s32ds.3.5/s32ds/build_tools/gcc_v10.2/gcc-10.2-arm32-eabi/bin/../lib/gcc/arm-none-eabi/10.2.0/../../../../arm-none-eabi/lib/thumb/v7e-m/nofp\libc.a(lib_a-exit.o)
                              c:/nxp/s32ds.3.5/s32ds/build_tools/gcc_v10.2/gcc-10.2-arm32-eabi/bin/../lib/gcc/arm-none-eabi/10.2.0/../../../../arm-none-eabi/lib/thumb/v7e-m/nofp/crt0.o (exit)
c:/nxp/s32ds.3.5/s32ds/build_tools/gcc_v10.2/gcc-10.2-arm32-eabi/bin/../lib/gcc/arm-none-eabi/10.2.0/../../../../arm-none-eabi/lib/thumb/v7e-m/nofp\libc.a(lib_a-impure.o)
                              c:/nxp/s32ds.3.5/s32ds/build_tools/gcc_v10.2/gcc-10.2-arm32-eabi/bin/../lib/gcc/arm-none-eabi/10.2.0/../../../../arm-none-eabi/lib/thumb/v7e-m/nofp\libc.a(lib_a-exit.o) (_global_impure_ptr)
c:/nxp/s32ds.3.5/s32ds/build_tools/gcc_v10.2/gcc-10.2-arm32-eabi/bin/../lib/gcc/arm-none-eabi/10.2.0/../../../../arm-none-eabi/lib/thumb/v7e-m/nofp\libc.a(lib_a-init.o)
                              c:/nxp/s32ds.3.5/s32ds/build_tools/gcc_v10.2/gcc-10.2-arm32-eabi/bin/../lib/gcc/arm-none-eabi/10.2.0/../../../../arm-none-eabi/lib/thumb/v7e-m/nofp/crt0.o (__libc_init_array)
c:/nxp/s32ds.3.5/s32ds/build_tools/gcc_v10.2/gcc-10.2-arm32-eabi/bin/../lib/gcc/arm-none-eabi/10.2.0/../../../../arm-none-eabi/lib/thumb/v7e-m/nofp\libc.a(lib_a-memcpy-stub.o)
                              ./src/drivers/src/DRV_S32K144_MCU.o (memcpy)
c:/nxp/s32ds.3.5/s32ds/build_tools/gcc_v10.2/gcc-10.2-arm32-eabi/bin/../lib/gcc/arm-none-eabi/10.2.0/../../../../arm-none-eabi/lib/thumb/v7e-m/nofp\libc.a(lib_a-memset.o)
                              c:/nxp/s32ds.3.5/s32ds/build_tools/gcc_v10.2/gcc-10.2-arm32-eabi/bin/../lib/gcc/arm-none-eabi/10.2.0/../../../../arm-none-eabi/lib/thumb/v7e-m/nofp/crt0.o (memset)
c:/nxp/s32ds.3.5/s32ds/build_tools/gcc_v10.2/gcc-10.2-arm32-eabi/bin/../lib/gcc/arm-none-eabi/10.2.0/../../../../arm-none-eabi/lib/thumb/v7e-m/nofp\libc.a(lib_a-__call_atexit.o)
                              c:/nxp/s32ds.3.5/s32ds/build_tools/gcc_v10.2/gcc-10.2-arm32-eabi/bin/../lib/gcc/arm-none-eabi/10.2.0/../../../../arm-none-eabi/lib/thumb/v7e-m/nofp\libc.a(lib_a-exit.o) (__call_exitprocs)
c:/nxp/s32ds.3.5/s32ds/build_tools/gcc_v10.2/gcc-10.2-arm32-eabi/bin/../lib/gcc/arm-none-eabi/10.2.0/../../../../arm-none-eabi/lib/thumb/v7e-m/nofp\libc.a(lib_a-fini.o)
                              c:/nxp/s32ds.3.5/s32ds/build_tools/gcc_v10.2/gcc-10.2-arm32-eabi/bin/../lib/gcc/arm-none-eabi/10.2.0/../../../../arm-none-eabi/lib/thumb/v7e-m/nofp\libc.a(lib_a-__call_atexit.o) (__libc_fini_array)
c:/nxp/s32ds.3.5/s32ds/build_tools/gcc_v10.2/gcc-10.2-arm32-eabi/bin/../lib/gcc/arm-none-eabi/10.2.0/../../../../arm-none-eabi/lib/thumb/v7e-m/nofp\libc.a(lib_a-atexit.o)
                              c:/nxp/s32ds.3.5/s32ds/build_tools/gcc_v10.2/gcc-10.2-arm32-eabi/bin/../lib/gcc/arm-none-eabi/10.2.0/../../../../arm-none-eabi/lib/thumb/v7e-m/nofp\libc.a(lib_a-__call_atexit.o) (atexit)
c:/nxp/s32ds.3.5/s32ds/build_tools/gcc_v10.2/gcc-10.2-arm32-eabi/bin/../lib/gcc/arm-none-eabi/10.2.0/../../../../arm-none-eabi/lib/thumb/v7e-m/nofp\libc.a(lib_a-__atexit.o)
                              c:/nxp/s32ds.3.5/s32ds/build_tools/gcc_v10.2/gcc-10.2-arm32-eabi/bin/../lib/gcc/arm-none-eabi/10.2.0/../../../../arm-none-eabi/lib/thumb/v7e-m/nofp\libc.a(lib_a-atexit.o) (__register_exitproc)
c:/nxp/s32ds.3.5/s32ds/build_tools/gcc_v10.2/gcc-10.2-arm32-eabi/bin/../lib/gcc/arm-none-eabi/10.2.0/../../../../arm-none-eabi/lib/thumb/v7e-m/nofp\libnosys.a(_exit.o)
                              c:/nxp/s32ds.3.5/s32ds/build_tools/gcc_v10.2/gcc-10.2-arm32-eabi/bin/../lib/gcc/arm-none-eabi/10.2.0/../../../../arm-none-eabi/lib/thumb/v7e-m/nofp\libc.a(lib_a-exit.o) (_exit)

Discarded input sections

 .text          0x00000000        0x0 c:/nxp/s32ds.3.5/s32ds/build_tools/gcc_v10.2/gcc-10.2-arm32-eabi/bin/../lib/gcc/arm-none-eabi/10.2.0/thumb/v7e-m/nofp/crti.o
 .data          0x00000000        0x0 c:/nxp/s32ds.3.5/s32ds/build_tools/gcc_v10.2/gcc-10.2-arm32-eabi/bin/../lib/gcc/arm-none-eabi/10.2.0/thumb/v7e-m/nofp/crti.o
 .bss           0x00000000        0x0 c:/nxp/s32ds.3.5/s32ds/build_tools/gcc_v10.2/gcc-10.2-arm32-eabi/bin/../lib/gcc/arm-none-eabi/10.2.0/thumb/v7e-m/nofp/crti.o
 .data          0x00000000        0x4 c:/nxp/s32ds.3.5/s32ds/build_tools/gcc_v10.2/gcc-10.2-arm32-eabi/bin/../lib/gcc/arm-none-eabi/10.2.0/thumb/v7e-m/nofp/crtbegin.o
 .data          0x00000000        0x0 c:/nxp/s32ds.3.5/s32ds/build_tools/gcc_v10.2/gcc-10.2-arm32-eabi/bin/../lib/gcc/arm-none-eabi/10.2.0/../../../../arm-none-eabi/lib/thumb/v7e-m/nofp/crt0.o
 .bss           0x00000000        0x0 c:/nxp/s32ds.3.5/s32ds/build_tools/gcc_v10.2/gcc-10.2-arm32-eabi/bin/../lib/gcc/arm-none-eabi/10.2.0/../../../../arm-none-eabi/lib/thumb/v7e-m/nofp/crt0.o
[...]
Memory Configuration

Name             Origin             Length             Attributes
m_interrupts     0x1fff8000         0x00000400         xr
m_text           0x1fff8400         0x00007c00         xr
m_data           0x20000000         0x00007000         rw
*default*        0x00000000         0xffffffff

Linker script and memory map

LOAD c:/nxp/s32ds.3.5/s32ds/build_tools/gcc_v10.2/gcc-10.2-arm32-eabi/bin/../lib/gcc/arm-none-eabi/10.2.0/thumb/v7e-m/nofp/crti.o
LOAD c:/nxp/s32ds.3.5/s32ds/build_tools/gcc_v10.2/gcc-10.2-arm32-eabi/bin/../lib/gcc/arm-none-eabi/10.2.0/thumb/v7e-m/nofp/crtbegin.o
LOAD c:/nxp/s32ds.3.5/s32ds/build_tools/gcc_v10.2/gcc-10.2-arm32-eabi/bin/../lib/gcc/arm-none-eabi/10.2.0/../../../../arm-none-eabi/lib/thumb/v7e-m/nofp/crt0.o
LOAD ./Project_Settings/Startup_Code/startup.o
LOAD ./Project_Settings/Startup_Code/startup_S32K144.o
LOAD ./Project_Settings/Startup_Code/system_S32K144.o
LOAD ./src/app/application.o
LOAD ./src/drivers/src/DRV_S32K144_ADC.o
LOAD ./src/drivers/src/DRV_S32K144_FLEXCAN.o
LOAD ./src/drivers/src/DRV_S32K144_GPIO.o
LOAD ./src/drivers/src/DRV_S32K144_LPIT.o
LOAD ./src/drivers/src/DRV_S32K144_MCU.o
LOAD ./src/drivers/src/DRV_S32K144_NVIC.o
LOAD ./src/drivers/src/DRV_S32K144_PORT.o
LOAD ./src/middleware/src/MID_CAN_Interface.o
LOAD ./src/middleware/src/MID_Clock_Interface.o
LOAD ./src/middleware/src/MID_GPIO_Interface.o
LOAD ./src/middleware/src/MID_Notification_Manager.o
LOAD ./src/middleware/src/MID_Sensor_Interface.o
LOAD ./src/middleware/src/MID_Timer_Interface.o
START GROUP
LOAD c:/nxp/s32ds.3.5/s32ds/build_tools/gcc_v10.2/gcc-10.2-arm32-eabi/bin/../lib/gcc/arm-none-eabi/10.2.0/thumb/v7e-m/nofp\libgcc.a
LOAD c:/nxp/s32ds.3.5/s32ds/build_tools/gcc_v10.2/gcc-10.2-arm32-eabi/bin/../lib/gcc/arm-none-eabi/10.2.0/../../../../arm-none-eabi/lib/thumb/v7e-m/nofp\libc.a
END GROUP
START GROUP
LOAD c:/nxp/s32ds.3.5/s32ds/build_tools/gcc_v10.2/gcc-10.2-arm32-eabi/bin/../lib/gcc/arm-none-eabi/10.2.0/thumb/v7e-m/nofp\libgcc.a
LOAD c:/nxp/s32ds.3.5/s32ds/build_tools/gcc_v10.2/gcc-10.2-arm32-eabi/bin/../lib/gcc/arm-none-eabi/10.2.0/../../../../arm-none-eabi/lib/thumb/v7e-m/nofp\libc.a
LOAD c:/nxp/s32ds.3.5/s32ds/build_tools/gcc_v10.2/gcc-10.2-arm32-eabi/bin/../lib/gcc/arm-none-eabi/10.2.0/../../../../arm-none-eabi/lib/thumb/v7e-m/nofp\libnosys.a
END GROUP
LOAD c:/nxp/s32ds.3.5/s32ds/build_tools/gcc_v10.2/gcc-10.2-arm32-eabi/bin/../lib/gcc/arm-none-eabi/10.2.0/thumb/v7e-m/nofp/crtend.o
LOAD c:/nxp/s32ds.3.5/s32ds/build_tools/gcc_v10.2/gcc-10.2-arm32-eabi/bin/../lib/gcc/arm-none-eabi/10.2.0/thumb/v7e-m/nofp/crtn.o
                0x00000400                HEAP_SIZE = DEFINED (__heap_size__)?__heap_size__:0x400
                0x00000400                STACK_SIZE = DEFINED (__stack_size__)?__stack_size__:0x400

.interrupts     0x1fff8000      0x400
                0x1fff8000                __VECTOR_TABLE = .
                0x1fff8000                __interrupts_start__ = .
                0x1fff8000                . = ALIGN (0x4)
 *(.isr_vector)
 .isr_vector    0x1fff8000      0x400 ./Project_Settings/Startup_Code/startup_S32K144.o
                0x1fff8000                __isr_vector
                0x1fff8400                __interrupts_end__ = .
                0x1fff8400                . = ALIGN (0x4)
                0x1fff8000                __VECTOR_RAM = __VECTOR_TABLE
                0x00000000                __RAM_VECTOR_TABLE_SIZE = 0x0

.text           0x1fff8400     0x31dc
                0x1fff8400                . = ALIGN (0x4)
 *(.text)
 .text          0x1fff8400       0x88 c:/nxp/s32ds.3.5/s32ds/build_tools/gcc_v10.2/gcc-10.2-arm32-eabi/bin/../lib/gcc/arm-none-eabi/10.2.0/thumb/v7e-m/nofp/crtbegin.o
 .text          0x1fff8488       0x7c c:/nxp/s32ds.3.5/s32ds/build_tools/gcc_v10.2/gcc-10.2-arm32-eabi/bin/../lib/gcc/arm-none-eabi/10.2.0/../../../../arm-none-eabi/lib/thumb/v7e-m/nofp/crt0.o
                0x1fff8488                _stack_init
                0x1fff8490                _start
                0x1fff8490                _mainCRTStartup
 .text          0x1fff8504       0x4c ./Project_Settings/Startup_Code/startup_S32K144.o
                0x1fff8504                Reset_Handler
                0x1fff854c                DebugMon_Handler
                0x1fff854c                Reserved88_IRQHandler
                0x1fff854c                HardFault_Handler
                0x1fff854c                Reserved86_IRQHandler
                0x1fff854c                Reserved103_IRQHandler
                0x1fff854c                SysTick_Handler
                0x1fff854c                FTM2_Ovf_Reload_IRQHandler
                0x1fff854c                Reserved50_IRQHandler
                0x1fff854c                FTFC_Fault_IRQHandler
                0x1fff854c                FTM0_Ch6_Ch7_IRQHandler
                0x1fff854c                Reserved114_IRQHandler
                0x1fff854c                PendSV_Handler
                0x1fff854c                NMI_Handler
                0x1fff854c                Reserved89_IRQHandler
                0x1fff854c                ERM_double_fault_IRQHandler
                0x1fff854c                DMA2_IRQHandler
                0x1fff854c                Reserved59_IRQHandler
                0x1fff854c                Reserved99_IRQHandler
                0x1fff854c                FTM3_Ch6_Ch7_IRQHandler
                0x1fff854c                Reserved92_IRQHandler
                0x1fff854c                FTM0_Ch4_Ch5_IRQHandler
                0x1fff854c                CAN1_Error_IRQHandler
                0x1fff854c                FTM3_Ch0_Ch1_IRQHandler
                0x1fff854c                SWI_IRQHandler
                0x1fff854c                FTM2_Ch4_Ch5_IRQHandler
                0x1fff854c                UsageFault_Handler
                0x1fff854c                FTM0_Ovf_Reload_IRQHandler
                0x1fff854c                DefaultISR
                0x1fff854c                DMA9_IRQHandler
                0x1fff854c                Reserved58_IRQHandler
                0x1fff854c                FTM1_Ch2_Ch3_IRQHandler
                0x1fff854c                DMA14_IRQHandler
                0x1fff854c                Reserved82_IRQHandler
                0x1fff854c                LPI2C0_Slave_IRQHandler
                0x1fff854c                Reserved71_IRQHandler
                0x1fff854c                PORTD_IRQHandler
                0x1fff854c                Reserved69_IRQHandler
                0x1fff854c                PORTB_IRQHandler
                0x1fff854c                Reserved70_IRQHandler
                0x1fff854c                FTM2_Ch2_Ch3_IRQHandler
                0x1fff854c                Reserved53_IRQHandler
                0x1fff854c                DMA5_IRQHandler
                0x1fff854c                RTC_IRQHandler
                0x1fff854c                PDB0_IRQHandler
                0x1fff854c                Reserved54_IRQHandler
                0x1fff854c                FTM2_Ch6_Ch7_IRQHandler
                0x1fff854c                FTM3_Ch2_Ch3_IRQHandler
                0x1fff854c                FTM2_Ch0_Ch1_IRQHandler
                0x1fff854c                LPSPI1_IRQHandler
                0x1fff854c                LPUART1_RxTx_IRQHandler
                0x1fff854c                RTC_Seconds_IRQHandler
                0x1fff854c                Reserved72_IRQHandler
                0x1fff854c                Reserved110_IRQHandler
                0x1fff854c                DMA11_IRQHandler
                0x1fff854c                Reserved107_IRQHandler
                0x1fff854c                Read_Collision_IRQHandler
                0x1fff854c                CAN2_Error_IRQHandler
                0x1fff854c                FTFC_IRQHandler
                0x1fff854c                DMA7_IRQHandler
                0x1fff854c                FTM1_Ch6_Ch7_IRQHandler
                0x1fff854c                Reserved105_IRQHandler
                0x1fff854c                FTM1_Ch4_Ch5_IRQHandler
                0x1fff854c                FTM3_Ovf_Reload_IRQHandler
                0x1fff854c                LPUART2_RxTx_IRQHandler
                0x1fff854c                LPSPI0_IRQHandler
                0x1fff854c                WDOG_EWM_IRQHandler
                0x1fff854c                MemManage_Handler
                0x1fff854c                Reserved90_IRQHandler
                0x1fff854c                Reserved83_IRQHandler
                0x1fff854c                FTM0_Fault_IRQHandler
                0x1fff854c                Reserved48_IRQHandler
                0x1fff854c                SVC_Handler
                0x1fff854c                ERM_single_fault_IRQHandler
                0x1fff854c                FTM2_Fault_IRQHandler
                0x1fff854c                FTM0_Ch2_Ch3_IRQHandler
                0x1fff854c                DMA13_IRQHandler
                0x1fff854c                FTM0_Ch0_Ch1_IRQHandler
                0x1fff854c                FTM3_Fault_IRQHandler
                0x1fff854c                RCM_IRQHandler
                0x1fff854c                DMA3_IRQHandler
                0x1fff854c                Reserved100_IRQHandler
                0x1fff854c                DMA0_IRQHandler
                0x1fff854c                Reserved91_IRQHandler
                0x1fff854c                DMA15_IRQHandler
                0x1fff854c                SCG_IRQHandler
                0x1fff854c                PDB1_IRQHandler
                0x1fff854c                Reserved81_IRQHandler
                0x1fff854c                Reserved46_IRQHandler
                0x1fff854c                Reserved45_IRQHandler
                0x1fff854c                CAN0_Error_IRQHandler
                0x1fff854c                Reserved112_IRQHandler
                0x1fff854c                LPI2C0_Master_IRQHandler
                0x1fff854c                DMA4_IRQHandler
                0x1fff854c                FTM1_Fault_IRQHandler
                0x1fff854c                Reserved106_IRQHandler
                0x1fff854c                DMA_Error_IRQHandler
                0x1fff854c                LVD_LVW_IRQHandler
                0x1fff854c                PORTA_IRQHandler
                0x1fff854c                MCM_IRQHandler
                0x1fff854c                LPSPI2_IRQHandler
                0x1fff854c                DMA12_IRQHandler
                0x1fff854c                FTM3_Ch4_Ch5_IRQHandler
                0x1fff854c                PORTE_IRQHandler
                0x1fff854c                LPUART0_RxTx_IRQHandler
                0x1fff854c                LPTMR0_IRQHandler
                0x1fff854c                BusFault_Handler
                0x1fff854c                Reserved87_IRQHandler
                0x1fff854c                FTM1_Ovf_Reload_IRQHandler
                0x1fff854c                DMA8_IRQHandler
                0x1fff854c                Reserved93_IRQHandler
                0x1fff854c                DMA10_IRQHandler
                0x1fff854c                CAN0_Wake_Up_IRQHandler
                0x1fff854c                CMP0_IRQHandler
                0x1fff854c                Reserved52_IRQHandler
                0x1fff854c                PORTC_IRQHandler
                0x1fff854c                DMA6_IRQHandler
                0x1fff854c                FTM1_Ch0_Ch1_IRQHandler
                0x1fff854c                FLEXIO_IRQHandler
                0x1fff854c                DMA1_IRQHandler
                0x1fff854c                Reserved113_IRQHandler
 *(.text*)
 .text.init_data_bss
                0x1fff8550      0x128 ./Project_Settings/Startup_Code/startup.o
                0x1fff8550                init_data_bss
 .text.SystemInit
                0x1fff8678       0x30 ./Project_Settings/Startup_Code/system_S32K144.o
                0x1fff8678                SystemInit
 .text.main     0x1fff86a8       0xf0 ./src/app/application.o
                0x1fff86a8                main
 .text.App_ReceiveMessageNotification
                0x1fff8798       0xa0 ./src/app/application.o
 .text.App_TriggerSensor_Notification
                0x1fff8838       0x12 ./src/app/application.o
 .text.App_Sensor_Notification
                0x1fff884a        0xe ./src/app/application.o
 .text.ADC_RegisterIRQHandlerCallback
                0x1fff8858       0x2c ./src/drivers/src/DRV_S32K144_ADC.o
                0x1fff8858                ADC_RegisterIRQHandlerCallback
 .text.ADC0_IRQHandler
                0x1fff8884       0x14 ./src/drivers/src/DRV_S32K144_ADC.o
                0x1fff8884                ADC0_IRQHandler
 .text.ADC1_IRQHandler
                0x1fff8898       0x14 ./src/drivers/src/DRV_S32K144_ADC.o
                0x1fff8898                ADC1_IRQHandler
 .text.DRV_ADC_Init
                0x1fff88ac      0x104 ./src/drivers/src/DRV_S32K144_ADC.o
                0x1fff88ac                DRV_ADC_Init
 .text.DRV_ADC_SetInputChannel
                0x1fff89b0       0x78 ./src/drivers/src/DRV_S32K144_ADC.o
                0x1fff89b0                DRV_ADC_SetInputChannel
 .text.DRV_ADC_SetSoftTrigChannel
                0x1fff8a28       0x26 ./src/drivers/src/DRV_S32K144_ADC.o
                0x1fff8a28                DRV_ADC_SetSoftTrigChannel
 *fill*         0x1fff8a4e        0x2 
 .text.DRV_ADC_ClearITFlag
                0x1fff8a50       0x34 ./src/drivers/src/DRV_S32K144_ADC.o
                0x1fff8a50                DRV_ADC_ClearITFlag
 .text.DRV_ADC_GetSoftTriggChannelResult
                0x1fff8a84       0x28 ./src/drivers/src/DRV_S32K144_ADC.o
                0x1fff8a84                DRV_ADC_GetSoftTriggChannelResult
 .text.DRV_ADC_SoftwareTriggerConversion
                0x1fff8aac       0x48 ./src/drivers/src/DRV_S32K144_ADC.o
                0x1fff8aac                DRV_ADC_SoftwareTriggerConversion
 .text.FLEXCAN_BitrateToTimeSeg
                0x1fff8af4      0x200 ./src/drivers/src/DRV_S32K144_FLEXCAN.o
 .text.FLEXCAN_GetFreezeMode
                0x1fff8cf4       0x38 ./src/drivers/src/DRV_S32K144_FLEXCAN.o
 .text.FLEXCAN_EnterFreezeMode
                0x1fff8d2c       0x50 ./src/drivers/src/DRV_S32K144_FLEXCAN.o
 .text.FLEXCAN_ExitFreezeMode
                0x1fff8d7c       0x4c ./src/drivers/src/DRV_S32K144_FLEXCAN.o
 .text.FLEXCAN_SetBitrate
                0x1fff8dc8       0x98 ./src/drivers/src/DRV_S32K144_FLEXCAN.o
 .text.FLEXCAN_EnableModule
                0x1fff8e60       0x30 ./src/drivers/src/DRV_S32K144_FLEXCAN.o
 .text.FLEXCAN_DisableModule
                0x1fff8e90       0x30 ./src/drivers/src/DRV_S32K144_FLEXCAN.o
 .text.FLEXCAN_SelectClockSource
                0x1fff8ec0       0x50 ./src/drivers/src/DRV_S32K144_FLEXCAN.o
 .text.FLEXCAN_GetMaxMbNum
                0x1fff8f10       0x5c ./src/drivers/src/DRV_S32K144_FLEXCAN.o
 .text.FLEXCAN_ClearRAM
                0x1fff8f6c       0x84 ./src/drivers/src/DRV_S32K144_FLEXCAN.o
 .text.FLEXCAN_InitMb
                0x1fff8ff0       0x84 ./src/drivers/src/DRV_S32K144_FLEXCAN.o
 .text.FLEXCAN_ConfigRxMaskType
                0x1fff9074       0x74 ./src/drivers/src/DRV_S32K144_FLEXCAN.o
 .text.FLEXCAN_SetOperationModes
                0x1fff90e8       0xa4 ./src/drivers/src/DRV_S32K144_FLEXCAN.o
 .text.DRV_FLEXCAN_EnableMbInt
                0x1fff918c       0x40 ./src/drivers/src/DRV_S32K144_FLEXCAN.o
                0x1fff918c                DRV_FLEXCAN_EnableMbInt
 .text.DRV_FLEXCAN_Init
                0x1fff91cc      0x12c ./src/drivers/src/DRV_S32K144_FLEXCAN.o
                0x1fff91cc                DRV_FLEXCAN_Init
 .text.DRV_FLEXCAN_SetRxMbGlobalMask
                0x1fff92f8       0x78 ./src/drivers/src/DRV_S32K144_FLEXCAN.o
                0x1fff92f8                DRV_FLEXCAN_SetRxMbGlobalMask
 .text.DRV_FLEXCAN_SetRxMbIndividualMask
                0x1fff9370       0x8c ./src/drivers/src/DRV_S32K144_FLEXCAN.o
                0x1fff9370                DRV_FLEXCAN_SetRxMbIndividualMask
 .text.DRV_FLEXCAN_GetMbIntFlag
                0x1fff93fc       0x4c ./src/drivers/src/DRV_S32K144_FLEXCAN.o
                0x1fff93fc                DRV_FLEXCAN_GetMbIntFlag
 .text.DRV_FLEXCAN_ClearMbIntFlag
                0x1fff9448       0x3c ./src/drivers/src/DRV_S32K144_FLEXCAN.o
                0x1fff9448                DRV_FLEXCAN_ClearMbIntFlag
 .text.DRV_FLEXCAN_ConfigRxMb
                0x1fff9484       0xec ./src/drivers/src/DRV_S32K144_FLEXCAN.o
                0x1fff9484                DRV_FLEXCAN_ConfigRxMb
 .text.DRV_FLEXCAN_ReceiveInt
                0x1fff9570       0xd4 ./src/drivers/src/DRV_S32K144_FLEXCAN.o
                0x1fff9570                DRV_FLEXCAN_ReceiveInt
 .text.FLEXCAN_Mb_IRQHandler
                0x1fff9644       0x34 ./src/drivers/src/DRV_S32K144_FLEXCAN.o
 .text.DRV_FLEXCAN_ConfigTxMb
                0x1fff9678       0xec ./src/drivers/src/DRV_S32K144_FLEXCAN.o
                0x1fff9678                DRV_FLEXCAN_ConfigTxMb
 .text.DRV_FLEXCAN_Transmit
                0x1fff9764       0x78 ./src/drivers/src/DRV_S32K144_FLEXCAN.o
                0x1fff9764                DRV_FLEXCAN_Transmit
 .text.FLEXCAN_ClearBusOffIntFlag
                0x1fff97dc       0x34 ./src/drivers/src/DRV_S32K144_FLEXCAN.o
 .text.FLEXCAN_BusOff_IRQHandler
                0x1fff9810       0x3c ./src/drivers/src/DRV_S32K144_FLEXCAN.o
 .text.DRV_FLEXCAN_RegisterMbCallback
                0x1fff984c       0x2c ./src/drivers/src/DRV_S32K144_FLEXCAN.o
                0x1fff984c                DRV_FLEXCAN_RegisterMbCallback
 .text.CAN0_ORed_0_15_MB_IRQHandler
                0x1fff9878        0xe ./src/drivers/src/DRV_S32K144_FLEXCAN.o
                0x1fff9878                CAN0_ORed_0_15_MB_IRQHandler
 .text.CAN0_ORed_16_31_MB_IRQHandler
                0x1fff9886        0xe ./src/drivers/src/DRV_S32K144_FLEXCAN.o
                0x1fff9886                CAN0_ORed_16_31_MB_IRQHandler
 .text.CAN0_ORed_IRQHandler
                0x1fff9894        0xe ./src/drivers/src/DRV_S32K144_FLEXCAN.o
                0x1fff9894                CAN0_ORed_IRQHandler
 .text.CAN1_ORed_0_15_MB_IRQHandler
                0x1fff98a2        0xe ./src/drivers/src/DRV_S32K144_FLEXCAN.o
                0x1fff98a2                CAN1_ORed_0_15_MB_IRQHandler
 .text.CAN1_ORed_IRQHandler
                0x1fff98b0        0xe ./src/drivers/src/DRV_S32K144_FLEXCAN.o
                0x1fff98b0                CAN1_ORed_IRQHandler
 .text.CAN2_ORed_0_15_MB_IRQHandler
                0x1fff98be        0xe ./src/drivers/src/DRV_S32K144_FLEXCAN.o
                0x1fff98be                CAN2_ORed_0_15_MB_IRQHandler
 .text.CAN2_ORed_IRQHandler
                0x1fff98cc        0xe ./src/drivers/src/DRV_S32K144_FLEXCAN.o
                0x1fff98cc                CAN2_ORed_IRQHandler
 *fill*         0x1fff98da        0x2 
 .text.DRV_GPIO_SetPinDirection
                0x1fff98dc       0x58 ./src/drivers/src/DRV_S32K144_GPIO.o
                0x1fff98dc                DRV_GPIO_SetPinDirection
 .text.DRV_GPIO_SetPins
                0x1fff9934       0x3c ./src/drivers/src/DRV_S32K144_GPIO.o
                0x1fff9934                DRV_GPIO_SetPins
 .text.DRV_GPIO_ClearPins
                0x1fff9970       0x3c ./src/drivers/src/DRV_S32K144_GPIO.o
                0x1fff9970                DRV_GPIO_ClearPins
 .text.DRV_LPIT_EnableModule
                0x1fff99ac       0x30 ./src/drivers/src/DRV_S32K144_LPIT.o
                0x1fff99ac                DRV_LPIT_EnableModule
 .text.DRV_LPIT_Init
                0x1fff99dc       0xdc ./src/drivers/src/DRV_S32K144_LPIT.o
                0x1fff99dc                DRV_LPIT_Init
 .text.DRV_LPIT_SetReloadValue
                0x1fff9ab8       0x38 ./src/drivers/src/DRV_S32K144_LPIT.o
                0x1fff9ab8                DRV_LPIT_SetReloadValue
 .text.DRV_LPIT_StartTimerChannel
                0x1fff9af0       0x3c ./src/drivers/src/DRV_S32K144_LPIT.o
                0x1fff9af0                DRV_LPIT_StartTimerChannel
 .text.DRV_LPIT_StopTimerChannel
                0x1fff9b2c       0x3c ./src/drivers/src/DRV_S32K144_LPIT.o
                0x1fff9b2c                DRV_LPIT_StopTimerChannel
 .text.DRV_LPIT0_RegisterIntCallback
                0x1fff9b68       0x2c ./src/drivers/src/DRV_S32K144_LPIT.o
                0x1fff9b68                DRV_LPIT0_RegisterIntCallback
 .text.LPIT0_Ch0_IRQHandler
                0x1fff9b94       0x24 ./src/drivers/src/DRV_S32K144_LPIT.o
                0x1fff9b94                LPIT0_Ch0_IRQHandler
 .text.LPIT0_Ch1_IRQHandler
                0x1fff9bb8       0x24 ./src/drivers/src/DRV_S32K144_LPIT.o
                0x1fff9bb8                LPIT0_Ch1_IRQHandler
 .text.LPIT0_Ch2_IRQHandler
                0x1fff9bdc       0x24 ./src/drivers/src/DRV_S32K144_LPIT.o
                0x1fff9bdc                LPIT0_Ch2_IRQHandler
 .text.LPIT0_Ch3_IRQHandler
                0x1fff9c00       0x24 ./src/drivers/src/DRV_S32K144_LPIT.o
                0x1fff9c00                LPIT0_Ch3_IRQHandler
 .text.DRV_Clock_Init
                0x1fff9c24       0x3e ./src/drivers/src/DRV_S32K144_MCU.o
                0x1fff9c24                DRV_Clock_Init
 .text.DRV_SCG_Configuration
                0x1fff9c62       0x5e ./src/drivers/src/DRV_S32K144_MCU.o
 .text.DRV_SCG_SIRC_Config
                0x1fff9cc0       0x54 ./src/drivers/src/DRV_S32K144_MCU.o
 .text.DRV_SCG_SIRC_AsyncConfig
                0x1fff9d14       0x44 ./src/drivers/src/DRV_S32K144_MCU.o
 .text.DRV_SCG_SIRC_SetConfiguration
                0x1fff9d58       0x30 ./src/drivers/src/DRV_S32K144_MCU.o
 .text.DRV_SCG_SIRC_Control
                0x1fff9d88       0x58 ./src/drivers/src/DRV_S32K144_MCU.o
 .text.DRV_SCG_FIRC_Config
                0x1fff9de0       0x36 ./src/drivers/src/DRV_S32K144_MCU.o
 *fill*         0x1fff9e16        0x2 
 .text.DRV_SCG_FIRC_AsyncConfig
                0x1fff9e18       0x44 ./src/drivers/src/DRV_S32K144_MCU.o
 .text.DRV_SCG_FIRC_Control
                0x1fff9e5c       0x4c ./src/drivers/src/DRV_S32K144_MCU.o
 .text.DRV_SCG_SOSC_Config
                0x1fff9ea8       0x60 ./src/drivers/src/DRV_S32K144_MCU.o
 .text.DRV_SCG_SOSC_AsyncConfig
                0x1fff9f08       0x44 ./src/drivers/src/DRV_S32K144_MCU.o
 .text.DRV_SCG_SOSC_SetConfiguration
                0x1fff9f4c       0x50 ./src/drivers/src/DRV_S32K144_MCU.o
 .text.DRV_SCG_SOSC_Control
                0x1fff9f9c       0xa8 ./src/drivers/src/DRV_S32K144_MCU.o
 .text.DRV_SCG_SPLL_Config
                0x1fffa044       0x5c ./src/drivers/src/DRV_S32K144_MCU.o
 .text.DRV_SCG_SPLL_AsyncConfig
                0x1fffa0a0       0x44 ./src/drivers/src/DRV_S32K144_MCU.o
 .text.DRV_SCG_SPLL_SetConfiguration
                0x1fffa0e4       0x48 ./src/drivers/src/DRV_S32K144_MCU.o
 .text.DRV_SCG_SPLL_Control
                0x1fffa12c       0xa8 ./src/drivers/src/DRV_S32K144_MCU.o
 .text.DRV_SCG_SystemClockConfig
                0x1fffa1d4       0xf8 ./src/drivers/src/DRV_S32K144_MCU.o
 .text.DRV_SCG_SetRunClockControl
                0x1fffa2cc       0x50 ./src/drivers/src/DRV_S32K144_MCU.o
 .text.DRV_PCC_Configuration
                0x1fffa31c       0xa8 ./src/drivers/src/DRV_S32K144_MCU.o
 .text.DRV_PCC_SetPeripheralClockControl
                0x1fffa3c4       0x58 ./src/drivers/src/DRV_S32K144_MCU.o
 .text.DRV_Clock_GetFrequency
                0x1fffa41c       0x4a ./src/drivers/src/DRV_S32K144_MCU.o
                0x1fffa41c                DRV_Clock_GetFrequency
 *fill*         0x1fffa466        0x2 
 .text.DRV_SCG_GetClockFrequency
                0x1fffa468      0x124 ./src/drivers/src/DRV_S32K144_MCU.o
 .text.DRV_Clock_GetSourceFrequency
                0x1fffa58c       0x64 ./src/drivers/src/DRV_S32K144_MCU.o
 .text.DRV_Clock_GetSysClockFrequency
                0x1fffa5f0       0xc8 ./src/drivers/src/DRV_S32K144_MCU.o
 .text.DRV_Clock_GetSOSCFrequency
                0x1fffa6b8       0x38 ./src/drivers/src/DRV_S32K144_MCU.o
 .text.DRV_Clock_GetSIRCFrequency
                0x1fffa6f0       0x50 ./src/drivers/src/DRV_S32K144_MCU.o
 .text.DRV_Clock_GetFIRCFrequency
                0x1fffa740       0x38 ./src/drivers/src/DRV_S32K144_MCU.o
 .text.DRV_Clock_GetSPLLFrequency
                0x1fffa778       0x6c ./src/drivers/src/DRV_S32K144_MCU.o
 .text.DRV_Clock_GetSysAsyncFrequency
                0x1fffa7e4      0x148 ./src/drivers/src/DRV_S32K144_MCU.o
 .text.DRV_PCC_GetClockFrequency
                0x1fffa92c      0x118 ./src/drivers/src/DRV_S32K144_MCU.o
 .text.DRV_PCC_CheckClock
                0x1fffaa44       0x6c ./src/drivers/src/DRV_S32K144_MCU.o
 .text.DRV_PCC_GetPeripheralClock
                0x1fffaab0       0xb0 ./src/drivers/src/DRV_S32K144_MCU.o
 .text.NVIC_EnableIRQ
                0x1fffab60       0x5c ./src/drivers/src/DRV_S32K144_NVIC.o
                0x1fffab60                NVIC_EnableIRQ
 .text.DRV_PORT_Init
                0x1fffabbc       0x50 ./src/drivers/src/DRV_S32K144_PORT.o
                0x1fffabbc                DRV_PORT_Init
 .text.DRV_PORT_SetMux
                0x1fffac0c       0x38 ./src/drivers/src/DRV_S32K144_PORT.o
 .text.DRV_PORT_SetInterrupt
                0x1fffac44       0x42 ./src/drivers/src/DRV_S32K144_PORT.o
 .text.DRV_PORT_SetPull
                0x1fffac86       0x9a ./src/drivers/src/DRV_S32K144_PORT.o
 .text.FLEXCAN_Pin_Init
                0x1fffad20       0x4e ./src/middleware/src/MID_CAN_Interface.o
 *fill*         0x1fffad6e        0x2 
 .text.FLEXCAN_ParamConfig
                0x1fffad70       0x64 ./src/middleware/src/MID_CAN_Interface.o
 .text.FLEXCAN_Tx_Mb_Init
                0x1fffadd4       0x3c ./src/middleware/src/MID_CAN_Interface.o
 .text.FLEXCAN_Rx_Mb_Init
                0x1fffae10       0xa0 ./src/middleware/src/MID_CAN_Interface.o
 .text.MID_CAN_Init
                0x1fffaeb0       0x18 ./src/middleware/src/MID_CAN_Interface.o
                0x1fffaeb0                MID_CAN_Init
 .text.MID_CAN_RegisterRxNotificationCallback
                0x1fffaec8       0x18 ./src/middleware/src/MID_CAN_Interface.o
                0x1fffaec8                MID_CAN_RegisterRxNotificationCallback
 .text.MID_CAN_ReceiveMessage
                0x1fffaee0       0x34 ./src/middleware/src/MID_CAN_Interface.o
                0x1fffaee0                MID_CAN_ReceiveMessage
 .text.MID_CAN_SendCANMessage
                0x1fffaf14       0x30 ./src/middleware/src/MID_CAN_Interface.o
                0x1fffaf14                MID_CAN_SendCANMessage
 .text.MID_ClearMessageCommingEvent
                0x1fffaf44       0x1c ./src/middleware/src/MID_CAN_Interface.o
                0x1fffaf44                MID_ClearMessageCommingEvent
 .text.MID_CheckCommingMessageEvent
                0x1fffaf60       0x1e ./src/middleware/src/MID_CAN_Interface.o
                0x1fffaf60                MID_CheckCommingMessageEvent
 *fill*         0x1fffaf7e        0x2 
 .text.MID_Clock_Init
                0x1fffaf80       0xac ./src/middleware/src/MID_Clock_Interface.o
                0x1fffaf80                MID_Clock_Init
 .text.MID_Led_Init
                0x1fffb02c       0x74 ./src/middleware/src/MID_GPIO_Interface.o
                0x1fffb02c                MID_Led_Init
 .text.MID_TurnOnLed
                0x1fffb0a0       0x60 ./src/middleware/src/MID_GPIO_Interface.o
                0x1fffb0a0                MID_TurnOnLed
 .text.MID_TurnOffLed
                0x1fffb100       0x60 ./src/middleware/src/MID_GPIO_Interface.o
                0x1fffb100                MID_TurnOffLed
 .text.MID_EnableNotification
                0x1fffb160       0x1a ./src/middleware/src/MID_Notification_Manager.o
                0x1fffb160                MID_EnableNotification
 .text.Pin_Init
                0x1fffb17a       0x34 ./src/middleware/src/MID_Sensor_Interface.o
 .text.ADC_Init
                0x1fffb1ae       0x3e ./src/middleware/src/MID_Sensor_Interface.o
 .text.MID_Sensor_Init
                0x1fffb1ec       0x10 ./src/middleware/src/MID_Sensor_Interface.o
                0x1fffb1ec                MID_Sensor_Init
 .text.MID_Get_DataSensorState
                0x1fffb1fc       0x14 ./src/middleware/src/MID_Sensor_Interface.o
                0x1fffb1fc                MID_Get_DataSensorState
 .text.MID_Set_DataSensorState
                0x1fffb210       0x2c ./src/middleware/src/MID_Sensor_Interface.o
                0x1fffb210                MID_Set_DataSensorState
 .text.ConvertToRotation
                0x1fffb23c       0x30 ./src/middleware/src/MID_Sensor_Interface.o
 .text.MID_Read_RotationValue
                0x1fffb26c       0x34 ./src/middleware/src/MID_Sensor_Interface.o
                0x1fffb26c                MID_Read_RotationValue
 .text.MID_Trigger_ReadProcess
                0x1fffb2a0       0x10 ./src/middleware/src/MID_Sensor_Interface.o
                0x1fffb2a0                MID_Trigger_ReadProcess
 .text.MID_ADC_RegisterNotificationCallback
                0x1fffb2b0       0x18 ./src/middleware/src/MID_Sensor_Interface.o
                0x1fffb2b0                MID_ADC_RegisterNotificationCallback
 .text.MID_Timer_Init
                0x1fffb2c8       0x70 ./src/middleware/src/MID_Timer_Interface.o
                0x1fffb2c8                MID_Timer_Init
 .text.MID_Timer_RegisterNotificationCallback
                0x1fffb338       0x18 ./src/middleware/src/MID_Timer_Interface.o
                0x1fffb338                MID_Timer_RegisterNotificationCallback
 .text.MID_Timer_StartTimer
                0x1fffb350       0x10 ./src/middleware/src/MID_Timer_Interface.o
                0x1fffb350                MID_Timer_StartTimer
 .text.MID_Timer_StopTimer
                0x1fffb360       0x10 ./src/middleware/src/MID_Timer_Interface.o
                0x1fffb360                MID_Timer_StopTimer
 .text.exit     0x1fffb370       0x20 c:/nxp/s32ds.3.5/s32ds/build_tools/gcc_v10.2/gcc-10.2-arm32-eabi/bin/../lib/gcc/arm-none-eabi/10.2.0/../../../../arm-none-eabi/lib/thumb/v7e-m/nofp\libc.a(lib_a-exit.o)
                0x1fffb370                exit
 .text.__libc_init_array
                0x1fffb390       0x48 c:/nxp/s32ds.3.5/s32ds/build_tools/gcc_v10.2/gcc-10.2-arm32-eabi/bin/../lib/gcc/arm-none-eabi/10.2.0/../../../../arm-none-eabi/lib/thumb/v7e-m/nofp\libc.a(lib_a-init.o)
                0x1fffb390                __libc_init_array
 .text.memcpy   0x1fffb3d8       0x1c c:/nxp/s32ds.3.5/s32ds/build_tools/gcc_v10.2/gcc-10.2-arm32-eabi/bin/../lib/gcc/arm-none-eabi/10.2.0/../../../../arm-none-eabi/lib/thumb/v7e-m/nofp\libc.a(lib_a-memcpy-stub.o)
                0x1fffb3d8                memcpy
 .text.memset   0x1fffb3f4       0x10 c:/nxp/s32ds.3.5/s32ds/build_tools/gcc_v10.2/gcc-10.2-arm32-eabi/bin/../lib/gcc/arm-none-eabi/10.2.0/../../../../arm-none-eabi/lib/thumb/v7e-m/nofp\libc.a(lib_a-memset.o)
                0x1fffb3f4                memset
 .text.startup.register_fini
                0x1fffb404       0x14 c:/nxp/s32ds.3.5/s32ds/build_tools/gcc_v10.2/gcc-10.2-arm32-eabi/bin/../lib/gcc/arm-none-eabi/10.2.0/../../../../arm-none-eabi/lib/thumb/v7e-m/nofp\libc.a(lib_a-__call_atexit.o)
 .text.__call_exitprocs
                0x1fffb418       0xa4 c:/nxp/s32ds.3.5/s32ds/build_tools/gcc_v10.2/gcc-10.2-arm32-eabi/bin/../lib/gcc/arm-none-eabi/10.2.0/../../../../arm-none-eabi/lib/thumb/v7e-m/nofp\libc.a(lib_a-__call_atexit.o)
                0x1fffb418                __call_exitprocs
 .text.__libc_fini_array
                0x1fffb4bc       0x28 c:/nxp/s32ds.3.5/s32ds/build_tools/gcc_v10.2/gcc-10.2-arm32-eabi/bin/../lib/gcc/arm-none-eabi/10.2.0/../../../../arm-none-eabi/lib/thumb/v7e-m/nofp\libc.a(lib_a-fini.o)
                0x1fffb4bc                __libc_fini_array
 .text.atexit   0x1fffb4e4        0xc c:/nxp/s32ds.3.5/s32ds/build_tools/gcc_v10.2/gcc-10.2-arm32-eabi/bin/../lib/gcc/arm-none-eabi/10.2.0/../../../../arm-none-eabi/lib/thumb/v7e-m/nofp\libc.a(lib_a-atexit.o)
                0x1fffb4e4                atexit
 .text.__register_exitproc
                0x1fffb4f0       0x64 c:/nxp/s32ds.3.5/s32ds/build_tools/gcc_v10.2/gcc-10.2-arm32-eabi/bin/../lib/gcc/arm-none-eabi/10.2.0/../../../../arm-none-eabi/lib/thumb/v7e-m/nofp\libc.a(lib_a-__atexit.o)
                0x1fffb4f0                __register_exitproc
 .text._exit    0x1fffb554        0x2 c:/nxp/s32ds.3.5/s32ds/build_tools/gcc_v10.2/gcc-10.2-arm32-eabi/bin/../lib/gcc/arm-none-eabi/10.2.0/../../../../arm-none-eabi/lib/thumb/v7e-m/nofp\libnosys.a(_exit.o)
                0x1fffb554                _exit
 *(.rodata)
 *fill*         0x1fffb556        0x2 
 .rodata        0x1fffb558       0x54 ./src/drivers/src/DRV_S32K144_MCU.o
 .rodata        0x1fffb5ac       0x12 ./src/middleware/src/MID_Clock_Interface.o
 *(.rodata*)
 *fill*         0x1fffb5be        0x2 
 .rodata._global_impure_ptr
                0x1fffb5c0        0x4 c:/nxp/s32ds.3.5/s32ds/build_tools/gcc_v10.2/gcc-10.2-arm32-eabi/bin/../lib/gcc/arm-none-eabi/10.2.0/../../../../arm-none-eabi/lib/thumb/v7e-m/nofp\libc.a(lib_a-impure.o)
                0x1fffb5c0                _global_impure_ptr
 *(.glue_7)
 .glue_7        0x1fffb5c4        0x0 linker stubs
 *(.glue_7t)
 .glue_7t       0x1fffb5c4        0x0 linker stubs
 *(.eh_frame)
 .eh_frame      0x1fffb5c4        0x0 c:/nxp/s32ds.3.5/s32ds/build_tools/gcc_v10.2/gcc-10.2-arm32-eabi/bin/../lib/gcc/arm-none-eabi/10.2.0/thumb/v7e-m/nofp/crtbegin.o
 *(.init)
 .init          0x1fffb5c4        0x4 c:/nxp/s32ds.3.5/s32ds/build_tools/gcc_v10.2/gcc-10.2-arm32-eabi/bin/../lib/gcc/arm-none-eabi/10.2.0/thumb/v7e-m/nofp/crti.o
                0x1fffb5c4                _init
 .init          0x1fffb5c8        0x8 c:/nxp/s32ds.3.5/s32ds/build_tools/gcc_v10.2/gcc-10.2-arm32-eabi/bin/../lib/gcc/arm-none-eabi/10.2.0/thumb/v7e-m/nofp/crtn.o
 *(.fini)
 .fini          0x1fffb5d0        0x4 c:/nxp/s32ds.3.5/s32ds/build_tools/gcc_v10.2/gcc-10.2-arm32-eabi/bin/../lib/gcc/arm-none-eabi/10.2.0/thumb/v7e-m/nofp/crti.o
                0x1fffb5d0                _fini
 .fini          0x1fffb5d4        0x8 c:/nxp/s32ds.3.5/s32ds/build_tools/gcc_v10.2/gcc-10.2-arm32-eabi/bin/../lib/gcc/arm-none-eabi/10.2.0/thumb/v7e-m/nofp/crtn.o
                0x1fffb5dc                . = ALIGN (0x4)

.vfp11_veneer   0x1fffb5dc        0x0
 .vfp11_veneer  0x1fffb5dc        0x0 linker stubs

.v4_bx          0x1fffb5dc        0x0
 .v4_bx         0x1fffb5dc        0x0 linker stubs

.iplt           0x1fffb5dc        0x0
 .iplt          0x1fffb5dc        0x0 c:/nxp/s32ds.3.5/s32ds/build_tools/gcc_v10.2/gcc-10.2-arm32-eabi/bin/../lib/gcc/arm-none-eabi/10.2.0/thumb/v7e-m/nofp/crtbegin.o

.code_ram       0x1fffb5dc        0x0
                0x1fffb5dc                . = ALIGN (0x4)
                0x1fffb5dc                __CODE_RAM = .
                0x1fffb5dc                __code_ram_start__ = .
 *(.code_ram)
                0x1fffb5dc                __CODE_ROM = .
                0x1fffb5dc                __CODE_END = .
                0x1fffb5dc                __code_ram_end__ = .
                0x1fffb5dc                . = ALIGN (0x4)

.ARM.extab
 *(.ARM.extab* .gnu.linkonce.armextab.*)

.ARM            0x1fffb5dc        0x8
                0x1fffb5dc                __exidx_start = .
 *(.ARM.exidx*)
 .ARM.exidx     0x1fffb5dc        0x8 c:/nxp/s32ds.3.5/s32ds/build_tools/gcc_v10.2/gcc-10.2-arm32-eabi/bin/../lib/gcc/arm-none-eabi/10.2.0/../../../../arm-none-eabi/lib/thumb/v7e-m/nofp/crt0.o
                                 0x10 (size before relaxing)
                0x1fffb5e4                __exidx_end = .

.rel.dyn        0x1fffb5e4        0x0
 .rel.iplt      0x1fffb5e4        0x0 c:/nxp/s32ds.3.5/s32ds/build_tools/gcc_v10.2/gcc-10.2-arm32-eabi/bin/../lib/gcc/arm-none-eabi/10.2.0/thumb/v7e-m/nofp/crtbegin.o

.ctors          0x1fffb5e4        0x0
                0x1fffb5e4                __CTOR_LIST__ = .
 *crtbegin.o(.ctors)
 *crtbegin?.o(.ctors)
 *(EXCLUDE_FILE(*crtend.o *crtend?.o) .ctors)
 *(SORT_BY_NAME(.ctors.*))
 *(.ctors)
                0x1fffb5e4                __CTOR_END__ = .

.dtors          0x1fffb5e4        0x0
                0x1fffb5e4                __DTOR_LIST__ = .
 *crtbegin.o(.dtors)
 *crtbegin?.o(.dtors)
 *(EXCLUDE_FILE(*crtend.o *crtend?.o) .dtors)
 *(SORT_BY_NAME(.dtors.*))
 *(.dtors)
                0x1fffb5e4                __DTOR_END__ = .

.preinit_array  0x1fffb5e4        0x0
                0x1fffb5e4                PROVIDE (__preinit_array_start = .)
 *(.preinit_array*)
                0x1fffb5e4                PROVIDE (__preinit_array_end = .)

.init_array     0x1fffb5e4        0x8
                0x1fffb5e4                PROVIDE (__init_array_start = .)
 *(SORT_BY_NAME(.init_array.*))
 .init_array.00000
                0x1fffb5e4        0x4 c:/nxp/s32ds.3.5/s32ds/build_tools/gcc_v10.2/gcc-10.2-arm32-eabi/bin/../lib/gcc/arm-none-eabi/10.2.0/../../../../arm-none-eabi/lib/thumb/v7e-m/nofp\libc.a(lib_a-__call_atexit.o)
 *(.init_array*)
 .init_array    0x1fffb5e8        0x4 c:/nxp/s32ds.3.5/s32ds/build_tools/gcc_v10.2/gcc-10.2-arm32-eabi/bin/../lib/gcc/arm-none-eabi/10.2.0/thumb/v7e-m/nofp/crtbegin.o
                0x1fffb5ec                PROVIDE (__init_array_end = .)

.fini_array     0x1fffb5ec        0x4
                0x1fffb5ec                PROVIDE (__fini_array_start = .)
 *(SORT_BY_NAME(.fini_array.*))
 *(.fini_array*)
 .fini_array    0x1fffb5ec        0x4 c:/nxp/s32ds.3.5/s32ds/build_tools/gcc_v10.2/gcc-10.2-arm32-eabi/bin/../lib/gcc/arm-none-eabi/10.2.0/thumb/v7e-m/nofp/crtbegin.o
                0x1fffb5f0                PROVIDE (__fini_array_end = .)
                0x1fffb5f0                __etext = .
                0x1fffb5f0                __DATA_ROM = .
                0x1fffb5f0                __DATA_END = __DATA_ROM

.customSectionBlock
                0x20000000        0x0
                0x20000000                __customSection_start__ = .
 *(.customSection)
                0x20000000                __customSection_end__ = .
                0x20000000                __CUSTOM_ROM = .
                0x20000000                __CUSTOM_END = .

.data           0x20000000      0x5f0
                0x20000000                . = ALIGN (0x4)
                0x20000000                __DATA_RAM = .
                0x20000000                __data_start__ = .
 *(.data)
 *(.data*)
 .data.g_isActiveEntry
                0x20000000        0x1 ./src/app/application.o
 *fill*         0x20000001        0x3 
 .data.g_AdcBase
                0x20000004        0x8 ./src/drivers/src/DRV_S32K144_ADC.o
                0x20000004                g_AdcBase
 .data.g_flexcanBase
                0x2000000c        0xc ./src/drivers/src/DRV_S32K144_FLEXCAN.o
                0x2000000c                g_flexcanBase
 .data.g_GPIO_Base_Addr
                0x20000018       0x14 ./src/drivers/src/DRV_S32K144_GPIO.o
 .data.g_LpitBase
                0x2000002c        0x4 ./src/drivers/src/DRV_S32K144_LPIT.o
                0x2000002c                g_LpitBase
 .data.g_PCC_ClockNameMappings
                0x20000030       0x4f ./src/drivers/src/DRV_S32K144_MCU.o
 *fill*         0x2000007f        0x1 
 .data.g_PeripheralFeaturesList
                0x20000080      0x13c ./src/drivers/src/DRV_S32K144_MCU.o
 .data.g_PORT_Base_Addr
                0x200001bc       0x14 ./src/drivers/src/DRV_S32K144_PORT.o
 .data.mbCfg    0x200001d0        0x8 ./src/middleware/src/MID_CAN_Interface.o
                0x200001d0                mbCfg
 .data.impure_data
                0x200001d8      0x418 c:/nxp/s32ds.3.5/s32ds/build_tools/gcc_v10.2/gcc-10.2-arm32-eabi/bin/../lib/gcc/arm-none-eabi/10.2.0/../../../../arm-none-eabi/lib/thumb/v7e-m/nofp\libc.a(lib_a-impure.o)
 *(.jcr*)
                0x200005f0                . = ALIGN (0x4)
                0x200005f0                __data_end__ = .

.tm_clone_table
                0x200005f0        0x0
 .tm_clone_table
                0x200005f0        0x0 c:/nxp/s32ds.3.5/s32ds/build_tools/gcc_v10.2/gcc-10.2-arm32-eabi/bin/../lib/gcc/arm-none-eabi/10.2.0/thumb/v7e-m/nofp/crtbegin.o
 .tm_clone_table
                0x200005f0        0x0 c:/nxp/s32ds.3.5/s32ds/build_tools/gcc_v10.2/gcc-10.2-arm32-eabi/bin/../lib/gcc/arm-none-eabi/10.2.0/thumb/v7e-m/nofp/crtend.o

.igot.plt       0x200005f0        0x0
 .igot.plt      0x200005f0        0x0 c:/nxp/s32ds.3.5/s32ds/build_tools/gcc_v10.2/gcc-10.2-arm32-eabi/bin/../lib/gcc/arm-none-eabi/10.2.0/thumb/v7e-m/nofp/crtbegin.o

.bss            0x200005f0      0x110
                0x200005f0                . = ALIGN (0x4)
                0x200005f0                __BSS_START = .
                0x200005f0                __bss_start__ = .
 *(.bss)
 .bss           0x200005f0       0x1c c:/nxp/s32ds.3.5/s32ds/build_tools/gcc_v10.2/gcc-10.2-arm32-eabi/bin/../lib/gcc/arm-none-eabi/10.2.0/thumb/v7e-m/nofp/crtbegin.o
 *(.bss*)
 .bss.Cur_Sensor_Value
                0x2000060c        0x2 ./src/app/application.o
                0x2000060c                Cur_Sensor_Value
 .bss.Pre_Sensor_Value
                0x2000060e        0x2 ./src/app/application.o
                0x2000060e                Pre_Sensor_Value
 .bss.Delta     0x20000610        0x2 ./src/app/application.o
                0x20000610                Delta
 *fill*         0x20000612        0x2 
 .bss.Data_Receive
                0x20000614        0x8 ./src/app/application.o
 .bss.g_current_state
                0x2000061c        0x1 ./src/app/application.o
 *fill*         0x2000061d        0x3 
 .bss.ADC_IRQ_Fp
                0x20000620        0x8 ./src/drivers/src/DRV_S32K144_ADC.o
 .bss.g_flexcanHandle
                0x20000628        0xc ./src/drivers/src/DRV_S32K144_FLEXCAN.o
                0x20000628                g_flexcanHandle
 .bss.LPIT_IRQ_fp
                0x20000634       0x10 ./src/drivers/src/DRV_S32K144_LPIT.o
 .bss.handle    0x20000644       0x88 ./src/middleware/src/MID_CAN_Interface.o
 .bss.Transmit_Message
                0x200006cc       0x18 ./src/middleware/src/MID_CAN_Interface.o
 .bss.Receive_Message
                0x200006e4       0x18 ./src/middleware/src/MID_CAN_Interface.o
 .bss.Sensor_State
                0x200006fc        0x1 ./src/middleware/src/MID_Sensor_Interface.o
 *fill*         0x200006fd        0x1 
 .bss.ADC_Value
                0x200006fe        0x2 ./src/middleware/src/MID_Sensor_Interface.o
 *(COMMON)
                0x20000700                . = ALIGN (0x4)
                0x20000700                __bss_end__ = .
                0x20000700                __BSS_END = .

.heap           0x20000700      0x400
                0x20000700                . = ALIGN (0x8)
                0x20000700                __end__ = .
                0x20000700                __heap_start__ = .
                [!provide]                PROVIDE (end = .)
                [!provide]                PROVIDE (_end = .)
                [!provide]                PROVIDE (__end = .)
                0x20000700                __HeapBase = .
                0x20000b00                . = (. + HEAP_SIZE)
 *fill*         0x20000700      0x400 
                0x20000b00                __HeapLimit = .
                0x20000b00                __heap_limit = .
                0x20000b00                __heap_end__ = .
                0x20007000                __StackTop = (ORIGIN (m_data) + LENGTH (m_data))
                0x20006c00                __StackLimit = (__StackTop - STACK_SIZE)
                0x20007000                PROVIDE (__stack = __StackTop)

.stack          0x20006c00      0x400
                0x20006c00                . = ALIGN (0x8)
                0x20006c00                __stack_start__ = .
                0x20007000                . = (. + STACK_SIZE)
 *fill*         0x20006c00      0x400 
                0x20007000                __stack_end__ = .
                0x200005f0                __START_BSS = __BSS_START
                0x20000700                __END_BSS = __BSS_END
                0x20007000                __SP_INIT = __StackTop

.ARM.attributes
                0x00000000       0x2a
 *(.ARM.attributes)
 .ARM.attributes
                0x00000000       0x1e c:/nxp/s32ds.3.5/s32ds/build_tools/gcc_v10.2/gcc-10.2-arm32-eabi/bin/../lib/gcc/arm-none-eabi/10.2.0/thumb/v7e-m/nofp/crti.o
 .ARM.attributes
                0x0000001e       0x2e c:/nxp/s32ds.3.5/s32ds/build_tools/gcc_v10.2/gcc-10.2-arm32-eabi/bin/../lib/gcc/arm-none-eabi/10.2.0/thumb/v7e-m/nofp/crtbegin.o
 .ARM.attributes
                0x0000004c       0x1c c:/nxp/s32ds.3.5/s32ds/build_tools/gcc_v10.2/gcc-10.2-arm32-eabi/bin/../lib/gcc/arm-none-eabi/10.2.0/../../../../arm-none-eabi/lib/thumb/v7e-m/nofp/crt0.o
 .ARM.attributes
                0x00000068       0x2e ./Project_Settings/Startup_Code/startup.o
 .ARM.attributes
                0x00000096       0x1b ./Project_Settings/Startup_Code/startup_S32K144.o
 .ARM.attributes
                0x000000b1       0x2e ./Project_Settings/Startup_Code/system_S32K144.o
 .ARM.attributes
                0x000000df       0x2e ./src/app/application.o
 .ARM.attributes
                0x0000010d       0x2e ./src/drivers/src/DRV_S32K144_ADC.o
 .ARM.attributes
                0x0000013b       0x2e ./src/drivers/src/DRV_S32K144_FLEXCAN.o
 .ARM.attributes
                0x00000169       0x2e ./src/drivers/src/DRV_S32K144_GPIO.o
 .ARM.attributes
                0x00000197       0x2e ./src/drivers/src/DRV_S32K144_LPIT.o
 .ARM.attributes
                0x000001c5       0x2e ./src/drivers/src/DRV_S32K144_MCU.o
 .ARM.attributes
                0x000001f3       0x2e ./src/drivers/src/DRV_S32K144_NVIC.o
 .ARM.attributes
                0x00000221       0x2e ./src/drivers/src/DRV_S32K144_PORT.o
 .ARM.attributes
                0x0000024f       0x2e ./src/middleware/src/MID_CAN_Interface.o
 .ARM.attributes
                0x0000027d       0x2e ./src/middleware/src/MID_Clock_Interface.o
 .ARM.attributes
                0x000002ab       0x2e ./src/middleware/src/MID_GPIO_Interface.o
 .ARM.attributes
                0x000002d9       0x2e ./src/middleware/src/MID_Notification_Manager.o
 .ARM.attributes
                0x00000307       0x2e ./src/middleware/src/MID_Sensor_Interface.o
 .ARM.attributes
                0x00000335       0x2e ./src/middleware/src/MID_Timer_Interface.o
 .ARM.attributes
                0x00000363       0x2e c:/nxp/s32ds.3.5/s32ds/build_tools/gcc_v10.2/gcc-10.2-arm32-eabi/bin/../lib/gcc/arm-none-eabi/10.2.0/../../../../arm-none-eabi/lib/thumb/v7e-m/nofp\libc.a(lib_a-exit.o)
 .ARM.attributes
                0x00000391       0x2e c:/nxp/s32ds.3.5/s32ds/build_tools/gcc_v10.2/gcc-10.2-arm32-eabi/bin/../lib/gcc/arm-none-eabi/10.2.0/../../../../arm-none-eabi/lib/thumb/v7e-m/nofp\libc.a(lib_a-impure.o)
 .ARM.attributes
                0x000003bf       0x2e c:/nxp/s32ds.3.5/s32ds/build_tools/gcc_v10.2/gcc-10.2-arm32-eabi/bin/../lib/gcc/arm-none-eabi/10.2.0/../../../../arm-none-eabi/lib/thumb/v7e-m/nofp\libc.a(lib_a-init.o)
 .ARM.attributes
                0x000003ed       0x2e c:/nxp/s32ds.3.5/s32ds/build_tools/gcc_v10.2/gcc-10.2-arm32-eabi/bin/../lib/gcc/arm-none-eabi/10.2.0/../../../../arm-none-eabi/lib/thumb/v7e-m/nofp\libc.a(lib_a-memcpy-stub.o)
 .ARM.attributes
                0x0000041b       0x2e c:/nxp/s32ds.3.5/s32ds/build_tools/gcc_v10.2/gcc-10.2-arm32-eabi/bin/../lib/gcc/arm-none-eabi/10.2.0/../../../../arm-none-eabi/lib/thumb/v7e-m/nofp\libc.a(lib_a-memset.o)
 .ARM.attributes
                0x00000449       0x2e c:/nxp/s32ds.3.5/s32ds/build_tools/gcc_v10.2/gcc-10.2-arm32-eabi/bin/../lib/gcc/arm-none-eabi/10.2.0/../../../../arm-none-eabi/lib/thumb/v7e-m/nofp\libc.a(lib_a-__call_atexit.o)
 .ARM.attributes
                0x00000477       0x2e c:/nxp/s32ds.3.5/s32ds/build_tools/gcc_v10.2/gcc-10.2-arm32-eabi/bin/../lib/gcc/arm-none-eabi/10.2.0/../../../../arm-none-eabi/lib/thumb/v7e-m/nofp\libc.a(lib_a-fini.o)
 .ARM.attributes
                0x000004a5       0x2e c:/nxp/s32ds.3.5/s32ds/build_tools/gcc_v10.2/gcc-10.2-arm32-eabi/bin/../lib/gcc/arm-none-eabi/10.2.0/../../../../arm-none-eabi/lib/thumb/v7e-m/nofp\libc.a(lib_a-atexit.o)
 .ARM.attributes
                0x000004d3       0x2e c:/nxp/s32ds.3.5/s32ds/build_tools/gcc_v10.2/gcc-10.2-arm32-eabi/bin/../lib/gcc/arm-none-eabi/10.2.0/../../../../arm-none-eabi/lib/thumb/v7e-m/nofp\libc.a(lib_a-__atexit.o)
 .ARM.attributes
                0x00000501       0x2e c:/nxp/s32ds.3.5/s32ds/build_tools/gcc_v10.2/gcc-10.2-arm32-eabi/bin/../lib/gcc/arm-none-eabi/10.2.0/../../../../arm-none-eabi/lib/thumb/v7e-m/nofp\libnosys.a(_exit.o)
 .ARM.attributes
                0x0000052f       0x2e c:/nxp/s32ds.3.5/s32ds/build_tools/gcc_v10.2/gcc-10.2-arm32-eabi/bin/../lib/gcc/arm-none-eabi/10.2.0/thumb/v7e-m/nofp/crtend.o
 .ARM.attributes
                0x0000055d       0x1e c:/nxp/s32ds.3.5/s32ds/build_tools/gcc_v10.2/gcc-10.2-arm32-eabi/bin/../lib/gcc/arm-none-eabi/10.2.0/thumb/v7e-m/nofp/crtn.o
                0x00000001                ASSERT ((__StackLimit >= __HeapLimit), region m_data overflowed with stack and heap)

/DISCARD/
 *(.FlashConfig)
OUTPUT(Rotation_Sensor_Node.elf elf32-littlearm)
LOAD linker stubs

.comment        0x00000000       0x88
 .comment       0x00000000       0x88 c:/nxp/s32ds.3.5/s32ds/build_tools/gcc_v10.2/gcc-10.2-arm32-eabi/bin/../lib/gcc/arm-none-eabi/10.2.0/thumb/v7e-m/nofp/crtbegin.o
                                 0x89 (size before relaxing)
 .comment       0x00000088       0x89 ./Project_Settings/Startup_Code/startup.o
 .comment       0x00000088       0x89 ./Project_Settings/Startup_Code/system_S32K144.o
 .comment       0x00000088       0x89 ./src/app/application.o
 .comment       0x00000088       0x89 ./src/drivers/src/DRV_S32K144_ADC.o
 .comment       0x00000088       0x89 ./src/drivers/src/DRV_S32K144_FLEXCAN.o
 .comment       0x00000088       0x89 ./src/drivers/src/DRV_S32K144_GPIO.o
 .comment       0x00000088       0x89 ./src/drivers/src/DRV_S32K144_LPIT.o
 .comment       0x00000088       0x89 ./src/drivers/src/DRV_S32K144_MCU.o
 .comment       0x00000088       0x89 ./src/drivers/src/DRV_S32K144_NVIC.o
 .comment       0x00000088       0x89 ./src/drivers/src/DRV_S32K144_PORT.o
 .comment       0x00000088       0x89 ./src/middleware/src/MID_CAN_Interface.o
 .comment       0x00000088       0x89 ./src/middleware/src/MID_Clock_Interface.o
 .comment       0x00000088       0x89 ./src/middleware/src/MID_GPIO_Interface.o
 .comment       0x00000088       0x89 ./src/middleware/src/MID_Notification_Manager.o
 .comment       0x00000088       0x89 ./src/middleware/src/MID_Sensor_Interface.o
 .comment       0x00000088       0x89 ./src/middleware/src/MID_Timer_Interface.o
 .comment       0x00000088       0x89 c:/nxp/s32ds.3.5/s32ds/build_tools/gcc_v10.2/gcc-10.2-arm32-eabi/bin/../lib/gcc/arm-none-eabi/10.2.0/../../../../arm-none-eabi/lib/thumb/v7e-m/nofp\libc.a(lib_a-exit.o)
 .comment       0x00000088       0x89 c:/nxp/s32ds.3.5/s32ds/build_tools/gcc_v10.2/gcc-10.2-arm32-eabi/bin/../lib/gcc/arm-none-eabi/10.2.0/../../../../arm-none-eabi/lib/thumb/v7e-m/nofp\libc.a(lib_a-impure.o)
 .comment       0x00000088       0x89 c:/nxp/s32ds.3.5/s32ds/build_tools/gcc_v10.2/gcc-10.2-arm32-eabi/bin/../lib/gcc/arm-none-eabi/10.2.0/../../../../arm-none-eabi/lib/thumb/v7e-m/nofp\libc.a(lib_a-init.o)
 .comment       0x00000088       0x89 c:/nxp/s32ds.3.5/s32ds/build_tools/gcc_v10.2/gcc-10.2-arm32-eabi/bin/../lib/gcc/arm-none-eabi/10.2.0/../../../../arm-none-eabi/lib/thumb/v7e-m/nofp\libc.a(lib_a-memcpy-stub.o)
 .comment       0x00000088       0x89 c:/nxp/s32ds.3.5/s32ds/build_tools/gcc_v10.2/gcc-10.2-arm32-eabi/bin/../lib/gcc/arm-none-eabi/10.2.0/../../../../arm-none-eabi/lib/thumb/v7e-m/nofp\libc.a(lib_a-memset.o)
 .comment       0x00000088       0x89 c:/nxp/s32ds.3.5/s32ds/build_tools/gcc_v10.2/gcc-10.2-arm32-eabi/bin/../lib/gcc/arm-none-eabi/10.2.0/../../../../arm-none-eabi/lib/thumb/v7e-m/nofp\libc.a(lib_a-__call_atexit.o)
 .comment       0x00000088       0x89 c:/nxp/s32ds.3.5/s32ds/build_tools/gcc_v10.2/gcc-10.2-arm32-eabi/bin/../lib/gcc/arm-none-eabi/10.2.0/../../../../arm-none-eabi/lib/thumb/v7e-m/nofp\libc.a(lib_a-fini.o)
 .comment       0x00000088       0x89 c:/nxp/s32ds.3.5/s32ds/build_tools/gcc_v10.2/gcc-10.2-arm32-eabi/bin/../lib/gcc/arm-none-eabi/10.2.0/../../../../arm-none-eabi/lib/thumb/v7e-m/nofp\libc.a(lib_a-atexit.o)
 .comment       0x00000088       0x89 c:/nxp/s32ds.3.5/s32ds/build_tools/gcc_v10.2/gcc-10.2-arm32-eabi/bin/../lib/gcc/arm-none-eabi/10.2.0/../../../../arm-none-eabi/lib/thumb/v7e-m/nofp\libc.a(lib_a-__atexit.o)
 .comment       0x00000088       0x89 c:/nxp/s32ds.3.5/s32ds/build_tools/gcc_v10.2/gcc-10.2-arm32-eabi/bin/../lib/gcc/arm-none-eabi/10.2.0/../../../../arm-none-eabi/lib/thumb/v7e-m/nofp\libnosys.a(_exit.o)
 .comment       0x00000088       0x89 c:/nxp/s32ds.3.5/s32ds/build_tools/gcc_v10.2/gcc-10.2-arm32-eabi/bin/../lib/gcc/arm-none-eabi/10.2.0/thumb/v7e-m/nofp/crtend.o

.debug_line     0x00000000     0x52a4
 .debug_line    0x00000000       0x93 c:/nxp/s32ds.3.5/s32ds/build_tools/gcc_v10.2/gcc-10.2-arm32-eabi/bin/../lib/gcc/arm-none-eabi/10.2.0/../../../../arm-none-eabi/lib/thumb/v7e-m/nofp/crt0.o
 .debug_line    0x00000093      0x389 ./Project_Settings/Startup_Code/startup.o
 .debug_line    0x0000041c       0x84 ./Project_Settings/Startup_Code/startup_S32K144.o
 .debug_line    0x000004a0      0x3be ./Project_Settings/Startup_Code/system_S32K144.o
 .debug_line    0x0000085e      0x41d ./src/app/application.o
 .debug_line    0x00000c7b      0x49f ./src/drivers/src/DRV_S32K144_ADC.o
 .debug_line    0x0000111a      0xd11 ./src/drivers/src/DRV_S32K144_FLEXCAN.o
 .debug_line    0x00001e2b      0x3c0 ./src/drivers/src/DRV_S32K144_GPIO.o
 .debug_line    0x000021eb      0x4b2 ./src/drivers/src/DRV_S32K144_LPIT.o
 .debug_line    0x0000269d      0xc75 ./src/drivers/src/DRV_S32K144_MCU.o
 .debug_line    0x00003312      0x3ca ./src/drivers/src/DRV_S32K144_NVIC.o
 .debug_line    0x000036dc      0x36f ./src/drivers/src/DRV_S32K144_PORT.o
 .debug_line    0x00003a4b      0x4ce ./src/middleware/src/MID_CAN_Interface.o
 .debug_line    0x00003f19      0x37a ./src/middleware/src/MID_Clock_Interface.o
 .debug_line    0x00004293      0x424 ./src/middleware/src/MID_GPIO_Interface.o
 .debug_line    0x000046b7      0x358 ./src/middleware/src/MID_Notification_Manager.o
 .debug_line    0x00004a0f      0x474 ./src/middleware/src/MID_Sensor_Interface.o
 .debug_line    0x00004e83      0x421 ./src/middleware/src/MID_Timer_Interface.o

.debug_info     0x00000000     0x70fb
 .debug_info    0x00000000       0x26 c:/nxp/s32ds.3.5/s32ds/build_tools/gcc_v10.2/gcc-10.2-arm32-eabi/bin/../lib/gcc/arm-none-eabi/10.2.0/../../../../arm-none-eabi/lib/thumb/v7e-m/nofp/crt0.o
 .debug_info    0x00000026      0x443 ./Project_Settings/Startup_Code/startup.o
 .debug_info    0x00000469       0x26 ./Project_Settings/Startup_Code/startup_S32K144.o
 .debug_info    0x0000048f      0x567 ./Project_Settings/Startup_Code/system_S32K144.o
 .debug_info    0x000009f6      0x200 ./src/app/application.o
 .debug_info    0x00000bf6      0x66d ./src/drivers/src/DRV_S32K144_ADC.o
 .debug_info    0x00001263     0x12ad ./src/drivers/src/DRV_S32K144_FLEXCAN.o
 .debug_info    0x00002510      0x35f ./src/drivers/src/DRV_S32K144_GPIO.o
 .debug_info    0x0000286f      0x573 ./src/drivers/src/DRV_S32K144_LPIT.o
 .debug_info    0x00002de2     0x14a9 ./src/drivers/src/DRV_S32K144_MCU.o
 .debug_info    0x0000428b      0x625 ./src/drivers/src/DRV_S32K144_NVIC.o
 .debug_info    0x000048b0      0x3f5 ./src/drivers/src/DRV_S32K144_PORT.o
 .debug_info    0x00004ca5      0x9c8 ./src/middleware/src/MID_CAN_Interface.o
 .debug_info    0x0000566d      0x8da ./src/middleware/src/MID_Clock_Interface.o
 .debug_info    0x00005f47      0x515 ./src/middleware/src/MID_GPIO_Interface.o
 .debug_info    0x0000645c      0x2e4 ./src/middleware/src/MID_Notification_Manager.o
 .debug_info    0x00006740      0x60a ./src/middleware/src/MID_Sensor_Interface.o
 .debug_info    0x00006d4a      0x3b1 ./src/middleware/src/MID_Timer_Interface.o

.debug_abbrev   0x00000000     0x1665
 .debug_abbrev  0x00000000       0x14 c:/nxp/s32ds.3.5/s32ds/build_tools/gcc_v10.2/gcc-10.2-arm32-eabi/bin/../lib/gcc/arm-none-eabi/10.2.0/../../../../arm-none-eabi/lib/thumb/v7e-m/nofp/crt0.o
 .debug_abbrev  0x00000014      0x11c ./Project_Settings/Startup_Code/startup.o
 .debug_abbrev  0x00000130       0x14 ./Project_Settings/Startup_Code/startup_S32K144.o
 .debug_abbrev  0x00000144      0x13f ./Project_Settings/Startup_Code/system_S32K144.o
 .debug_abbrev  0x00000283       0xea ./src/app/application.o
 .debug_abbrev  0x0000036d      0x1b8 ./src/drivers/src/DRV_S32K144_ADC.o
 .debug_abbrev  0x00000525      0x2da ./src/drivers/src/DRV_S32K144_FLEXCAN.o
 .debug_abbrev  0x000007ff      0x137 ./src/drivers/src/DRV_S32K144_GPIO.o
 .debug_abbrev  0x00000936      0x19c ./src/drivers/src/DRV_S32K144_LPIT.o
 .debug_abbrev  0x00000ad2      0x26c ./src/drivers/src/DRV_S32K144_MCU.o
 .debug_abbrev  0x00000d3e      0x14a ./src/drivers/src/DRV_S32K144_NVIC.o
 .debug_abbrev  0x00000e88      0x15b ./src/drivers/src/DRV_S32K144_PORT.o
 .debug_abbrev  0x00000fe3      0x1a9 ./src/middleware/src/MID_CAN_Interface.o
 .debug_abbrev  0x0000118c       0xf8 ./src/middleware/src/MID_Clock_Interface.o
 .debug_abbrev  0x00001284       0xe8 ./src/middleware/src/MID_GPIO_Interface.o
 .debug_abbrev  0x0000136c       0x6c ./src/middleware/src/MID_Notification_Manager.o
 .debug_abbrev  0x000013d8      0x180 ./src/middleware/src/MID_Sensor_Interface.o
 .debug_abbrev  0x00001558      0x10d ./src/middleware/src/MID_Timer_Interface.o

.debug_str      0x00000000    0x661c2
 .debug_str     0x00000000       0xb9 c:/nxp/s32ds.3.5/s32ds/build_tools/gcc_v10.2/gcc-10.2-arm32-eabi/bin/../lib/gcc/arm-none-eabi/10.2.0/../../../../arm-none-eabi/lib/thumb/v7e-m/nofp/crt0.o
 .debug_str     0x000000b9    0x61a7d ./Project_Settings/Startup_Code/startup.o
                              0x61c0d (size before relaxing)
 .debug_str     0x00061b36       0x33 ./Project_Settings/Startup_Code/startup_S32K144.o
                                 0x7f (size before relaxing)
 .debug_str     0x00061b69      0x1f3 ./Project_Settings/Startup_Code/system_S32K144.o
                              0x61a7e (size before relaxing)
 .debug_str     0x00061d5c      0x4a6 ./src/app/application.o
                               0x415a (size before relaxing)
 .debug_str     0x00062202      0x8fb ./src/drivers/src/DRV_S32K144_ADC.o
                              0x57138 (size before relaxing)
 .debug_str     0x00062afd      0xd65 ./src/drivers/src/DRV_S32K144_FLEXCAN.o
                              0x57568 (size before relaxing)
 .debug_str     0x00063862      0x169 ./src/drivers/src/DRV_S32K144_GPIO.o
                              0x56920 (size before relaxing)
 .debug_str     0x000639cb      0x2be ./src/drivers/src/DRV_S32K144_LPIT.o
                              0x56dec (size before relaxing)
 .debug_str     0x00063c89     0x12de ./src/drivers/src/DRV_S32K144_MCU.o
                              0x62dfd (size before relaxing)
 .debug_str     0x00064f67      0x786 ./src/drivers/src/DRV_S32K144_NVIC.o
                              0x56f96 (size before relaxing)
 .debug_str     0x000656ed      0x2bb ./src/drivers/src/DRV_S32K144_PORT.o
                              0x56aa0 (size before relaxing)
 .debug_str     0x000659a8      0x40a ./src/middleware/src/MID_CAN_Interface.o
                              0x626af (size before relaxing)
 .debug_str     0x00065db2       0x9b ./src/middleware/src/MID_Clock_Interface.o
                              0x622e4 (size before relaxing)
 .debug_str     0x00065e4d       0xdc ./src/middleware/src/MID_GPIO_Interface.o
                              0x56cc6 (size before relaxing)
 .debug_str     0x00065f29       0x48 ./src/middleware/src/MID_Notification_Manager.o
                              0x56e83 (size before relaxing)
 .debug_str     0x00065f71      0x187 ./src/middleware/src/MID_Sensor_Interface.o
                              0x57537 (size before relaxing)
 .debug_str     0x000660f8       0xca ./src/middleware/src/MID_Timer_Interface.o
                              0x620e0 (size before relaxing)

.debug_aranges  0x00000000      0x648
 .debug_aranges
                0x00000000       0x20 ./Project_Settings/Startup_Code/startup.o
 .debug_aranges
                0x00000020       0x20 ./Project_Settings/Startup_Code/startup_S32K144.o
 .debug_aranges
                0x00000040       0x30 ./Project_Settings/Startup_Code/system_S32K144.o
 .debug_aranges
                0x00000070       0x38 ./src/app/application.o
 .debug_aranges
                0x000000a8       0x70 ./src/drivers/src/DRV_S32K144_ADC.o
 .debug_aranges
                0x00000118      0x140 ./src/drivers/src/DRV_S32K144_FLEXCAN.o
 .debug_aranges
                0x00000258       0x48 ./src/drivers/src/DRV_S32K144_GPIO.o
 .debug_aranges
                0x000002a0       0x80 ./src/drivers/src/DRV_S32K144_LPIT.o
 .debug_aranges
                0x00000320      0x120 ./src/drivers/src/DRV_S32K144_MCU.o
 .debug_aranges
                0x00000440       0x50 ./src/drivers/src/DRV_S32K144_NVIC.o
 .debug_aranges
                0x00000490       0x38 ./src/drivers/src/DRV_S32K144_PORT.o
 .debug_aranges
                0x000004c8       0x70 ./src/middleware/src/MID_CAN_Interface.o
 .debug_aranges
                0x00000538       0x20 ./src/middleware/src/MID_Clock_Interface.o
 .debug_aranges
                0x00000558       0x38 ./src/middleware/src/MID_GPIO_Interface.o
 .debug_aranges
                0x00000590       0x20 ./src/middleware/src/MID_Notification_Manager.o
 .debug_aranges
                0x000005b0       0x60 ./src/middleware/src/MID_Sensor_Interface.o
 .debug_aranges
                0x00000610       0x38 ./src/middleware/src/MID_Timer_Interface.o

.debug_ranges   0x00000000      0x528
 .debug_ranges  0x00000000       0x10 ./Project_Settings/Startup_Code/startup.o
 .debug_ranges  0x00000010       0x20 ./Project_Settings/Startup_Code/system_S32K144.o
 .debug_ranges  0x00000030       0x28 ./src/app/application.o
 .debug_ranges  0x00000058       0x60 ./src/drivers/src/DRV_S32K144_ADC.o
 .debug_ranges  0x000000b8      0x130 ./src/drivers/src/DRV_S32K144_FLEXCAN.o
 .debug_ranges  0x000001e8       0x38 ./src/drivers/src/DRV_S32K144_GPIO.o
 .debug_ranges  0x00000220       0x70 ./src/drivers/src/DRV_S32K144_LPIT.o
 .debug_ranges  0x00000290      0x110 ./src/drivers/src/DRV_S32K144_MCU.o
 .debug_ranges  0x000003a0       0x40 ./src/drivers/src/DRV_S32K144_NVIC.o
 .debug_ranges  0x000003e0       0x28 ./src/drivers/src/DRV_S32K144_PORT.o
 .debug_ranges  0x00000408       0x60 ./src/middleware/src/MID_CAN_Interface.o
 .debug_ranges  0x00000468       0x10 ./src/middleware/src/MID_Clock_Interface.o
 .debug_ranges  0x00000478       0x28 ./src/middleware/src/MID_GPIO_Interface.o
 .debug_ranges  0x000004a0       0x10 ./src/middleware/src/MID_Notification_Manager.o
 .debug_ranges  0x000004b0       0x50 ./src/middleware/src/MID_Sensor_Interface.o
 .debug_ranges  0x00000500       0x28 ./src/middleware/src/MID_Timer_Interface.o

.debug_macro    0x00000000    0x1bcad
 .debug_macro   0x00000000       0xb5 ./Project_Settings/Startup_Code/startup.o
 .debug_macro   0x000000b5      0xa60 ./Project_Settings/Startup_Code/startup.o
 .debug_macro   0x00000b15       0x22 ./Project_Settings/Startup_Code/startup.o
 .debug_macro   0x00000b37       0x8e ./Project_Settings/Startup_Code/startup.o
 .debug_macro   0x00000bc5       0x51 ./Project_Settings/Startup_Code/startup.o
 .debug_macro   0x00000c16      0x103 ./Project_Settings/Startup_Code/startup.o
 .debug_macro   0x00000d19       0x6a ./Project_Settings/Startup_Code/startup.o
 .debug_macro   0x00000d83      0x1df ./Project_Settings/Startup_Code/startup.o
 .debug_macro   0x00000f62       0x10 ./Project_Settings/Startup_Code/startup.o
 .debug_macro   0x00000f72       0x7a ./Project_Settings/Startup_Code/startup.o
 .debug_macro   0x00000fec     0xc365 ./Project_Settings/Startup_Code/startup.o
 .debug_macro   0x0000d351     0x1707 ./Project_Settings/Startup_Code/startup.o
 .debug_macro   0x0000ea58       0x22 ./Project_Settings/Startup_Code/startup.o
 .debug_macro   0x0000ea7a       0x40 ./Project_Settings/Startup_Code/startup.o
 .debug_macro   0x0000eaba       0xb4 ./Project_Settings/Startup_Code/system_S32K144.o
 .debug_macro   0x0000eb6e       0x16 ./Project_Settings/Startup_Code/system_S32K144.o
 .debug_macro   0x0000eb84     0xc353 ./Project_Settings/Startup_Code/system_S32K144.o
 .debug_macro   0x0001aed7       0x28 ./Project_Settings/Startup_Code/system_S32K144.o
 .debug_macro   0x0001aeff       0xb1 ./src/app/application.o
 .debug_macro   0x0001afb0       0x22 ./src/app/application.o
 .debug_macro   0x0001afd2       0x10 ./src/app/application.o
 .debug_macro   0x0001afe2       0x8e ./src/app/application.o
 .debug_macro   0x0001b070       0x93 ./src/drivers/src/DRV_S32K144_ADC.o
 .debug_macro   0x0001b103      0x174 ./src/drivers/src/DRV_S32K144_ADC.o
 .debug_macro   0x0001b277       0xbe ./src/drivers/src/DRV_S32K144_ADC.o
 .debug_macro   0x0001b335       0x80 ./src/drivers/src/DRV_S32K144_FLEXCAN.o
 .debug_macro   0x0001b3b5       0xc4 ./src/drivers/src/DRV_S32K144_FLEXCAN.o
 .debug_macro   0x0001b479       0x76 ./src/drivers/src/DRV_S32K144_GPIO.o
 .debug_macro   0x0001b4ef       0x94 ./src/drivers/src/DRV_S32K144_LPIT.o
 .debug_macro   0x0001b583       0xde ./src/drivers/src/DRV_S32K144_MCU.o
 .debug_macro   0x0001b661       0x80 ./src/drivers/src/DRV_S32K144_NVIC.o
 .debug_macro   0x0001b6e1       0x34 ./src/drivers/src/DRV_S32K144_NVIC.o
 .debug_macro   0x0001b715       0x80 ./src/drivers/src/DRV_S32K144_PORT.o
 .debug_macro   0x0001b795       0x10 ./src/drivers/src/DRV_S32K144_PORT.o
 .debug_macro   0x0001b7a5       0xc6 ./src/middleware/src/MID_CAN_Interface.o
 .debug_macro   0x0001b86b       0xca ./src/middleware/src/MID_CAN_Interface.o
 .debug_macro   0x0001b935       0xa3 ./src/middleware/src/MID_Clock_Interface.o
 .debug_macro   0x0001b9d8       0xa6 ./src/middleware/src/MID_GPIO_Interface.o
 .debug_macro   0x0001ba7e       0x8a ./src/middleware/src/MID_Notification_Manager.o
 .debug_macro   0x0001bb08       0xbd ./src/middleware/src/MID_Sensor_Interface.o
 .debug_macro   0x0001bbc5       0x16 ./src/middleware/src/MID_Sensor_Interface.o
 .debug_macro   0x0001bbdb       0xd2 ./src/middleware/src/MID_Timer_Interface.o

.debug_frame    0x00000000     0x1638
 .debug_frame   0x00000000       0x38 ./Project_Settings/Startup_Code/startup.o
 .debug_frame   0x00000038       0x80 ./Project_Settings/Startup_Code/system_S32K144.o
 .debug_frame   0x000000b8       0x80 ./src/app/application.o
 .debug_frame   0x00000138      0x1ac ./src/drivers/src/DRV_S32K144_ADC.o
 .debug_frame   0x000002e4      0x548 ./src/drivers/src/DRV_S32K144_FLEXCAN.o
 .debug_frame   0x0000082c      0x100 ./src/drivers/src/DRV_S32K144_GPIO.o
 .debug_frame   0x0000092c      0x1e8 ./src/drivers/src/DRV_S32K144_LPIT.o
 .debug_frame   0x00000b14      0x4fc ./src/drivers/src/DRV_S32K144_MCU.o
 .debug_frame   0x00001010      0x128 ./src/drivers/src/DRV_S32K144_NVIC.o
 .debug_frame   0x00001138       0xac ./src/drivers/src/DRV_S32K144_PORT.o
 .debug_frame   0x000011e4      0x17c ./src/middleware/src/MID_CAN_Interface.o
 .debug_frame   0x00001360       0x38 ./src/middleware/src/MID_Clock_Interface.o
 .debug_frame   0x00001398       0xa0 ./src/middleware/src/MID_GPIO_Interface.o
 .debug_frame   0x00001438       0x2c ./src/middleware/src/MID_Notification_Manager.o
 .debug_frame   0x00001464      0x144 ./src/middleware/src/MID_Sensor_Interface.o
 .debug_frame   0x000015a8       0x90 ./src/middleware/src/MID_Timer_Interface.o
